2026-06-16T15:22:39.136960772Z [inf]  scheduling build on Metal builder "builder-yvyapv"
2026-06-16T15:22:50.200543633Z [inf]  unpacking archive
2026-06-16T15:22:50.496460134Z [inf]  uploading snapshot
2026-06-16T15:22:50.818439360Z [inf]  [internal] load build definition from Dockerfile
2026-06-16T15:22:50.818590356Z [inf]  [internal] load build definition from Dockerfile
2026-06-16T15:22:50.818951628Z [inf]  [internal] load build definition from Dockerfile
2026-06-16T15:22:52.017043998Z [inf]  [internal] load build definition from Dockerfile
2026-06-16T15:22:52.056807269Z [inf]  [internal] load metadata for docker.io/library/node:22-slim
2026-06-16T15:22:52.322207654Z [inf]  [internal] load metadata for docker.io/library/node:22-slim
2026-06-16T15:22:52.322632161Z [inf]  [internal] load .dockerignore
2026-06-16T15:22:52.322898200Z [inf]  [internal] load .dockerignore
2026-06-16T15:22:52.322988696Z [inf]  [internal] load .dockerignore
2026-06-16T15:22:53.351828770Z [inf]  [internal] load .dockerignore
2026-06-16T15:22:53.401388500Z [inf]  [build  5/16] COPY pnpm-workspace.yaml package.json ./
2026-06-16T15:22:53.401390032Z [inf]  [build  8/16] COPY apps/pos/package.json apps/pos/
2026-06-16T15:22:53.401390452Z [inf]  [build  2/16] RUN apt-get update && apt-get install -y --no-install-recommends openssl && rm -rf /var/lib/apt/lists/*
2026-06-16T15:22:53.401390903Z [inf]  [build 13/16] COPY tsconfig.base.json ./
2026-06-16T15:22:53.401391093Z [inf]  [build  9/16] COPY apps/backoffice/package.json apps/backoffice/
2026-06-16T15:22:53.401391364Z [inf]  [stage-1 4/5] RUN corepack enable && corepack prepare pnpm@latest --activate
2026-06-16T15:22:53.401391624Z [inf]  [build 14/16] COPY packages/shared packages/shared
2026-06-16T15:22:53.401392406Z [inf]  [stage-1 2/5] RUN apt-get update && apt-get install -y --no-install-recommends ca-certificates gnupg curl &&     curl -fsSL https://www.postgresql.org/media/keys/ACCC4CF8.asc | gpg --dearmor -o /usr/share/keyrings/postgresql-keyring.gpg &&     echo "deb [signed-by=/usr/share/keyrings/postgresql-keyring.gpg] http://apt.postgresql.org/pub/repos/apt/ bookworm-pgdg main" > /etc/apt/sources.list.d/pgdg.list &&     apt-get update &&     apt-get install -y --no-install-recommends openssl postgresql-client-16 &&     apt-get purge -y --auto-remove ca-certificates gnupg curl &&     rm -rf /var/lib/apt/lists/*
2026-06-16T15:22:53.401392586Z [inf]  [stage-1 5/5] COPY --from=build /repo ./
2026-06-16T15:22:53.401392786Z [inf]  [build  3/16] WORKDIR /repo
2026-06-16T15:22:53.401393136Z [inf]  [build 12/16] RUN pnpm install --filter @goblins/api --filter @goblins/shared
2026-06-16T15:22:53.401393417Z [inf]  [build 10/16] COPY apps/kds/package.json apps/kds/
2026-06-16T15:22:53.401393647Z [inf]  [internal] load build context
2026-06-16T15:22:53.401393908Z [inf]  [build  4/16] RUN corepack enable && corepack prepare pnpm@latest --activate
2026-06-16T15:22:53.401394158Z [inf]  [build 11/16] COPY apps/print-service/package.json apps/print-service/
2026-06-16T15:22:53.401394729Z [inf]  [build 15/16] COPY apps/api apps/api
2026-06-16T15:22:53.401395310Z [inf]  [stage-1 3/5] WORKDIR /repo
2026-06-16T15:22:53.401396612Z [inf]  [build  6/16] COPY packages/shared/package.json packages/shared/
2026-06-16T15:22:53.401397022Z [inf]  [build 16/16] RUN pnpm --filter @goblins/shared build && pnpm --filter @goblins/api db:generate && pnpm --filter @goblins/api build
2026-06-16T15:22:53.401397493Z [inf]  [build  1/16] FROM docker.io/library/node:22-slim@sha256:e21fc383b50d5347dc7a9f1cae45b8f4e2f0d39f7ade28e4eef7d2934522b752
2026-06-16T15:22:53.401398084Z [inf]  [build  7/16] COPY apps/api/package.json apps/api/
2026-06-16T15:22:53.402202110Z [inf]  [internal] load build context
2026-06-16T15:22:53.402447889Z [inf]  [build  1/16] FROM docker.io/library/node:22-slim@sha256:e21fc383b50d5347dc7a9f1cae45b8f4e2f0d39f7ade28e4eef7d2934522b752
2026-06-16T15:22:53.413950067Z [inf]  [build  1/16] FROM docker.io/library/node:22-slim@sha256:e21fc383b50d5347dc7a9f1cae45b8f4e2f0d39f7ade28e4eef7d2934522b752
2026-06-16T15:22:53.413959000Z [inf]  [build  1/16] FROM docker.io/library/node:22-slim@sha256:e21fc383b50d5347dc7a9f1cae45b8f4e2f0d39f7ade28e4eef7d2934522b752
2026-06-16T15:22:53.510496715Z [inf]  [internal] load build context
2026-06-16T15:22:53.716954963Z [inf]  [internal] load build context
2026-06-16T15:22:58.456412935Z [inf]  [stage-1 2/5] RUN apt-get update && apt-get install -y --no-install-recommends ca-certificates gnupg curl &&     curl -fsSL https://www.postgresql.org/media/keys/ACCC4CF8.asc | gpg --dearmor -o /usr/share/keyrings/postgresql-keyring.gpg &&     echo "deb [signed-by=/usr/share/keyrings/postgresql-keyring.gpg] http://apt.postgresql.org/pub/repos/apt/ bookworm-pgdg main" > /etc/apt/sources.list.d/pgdg.list &&     apt-get update &&     apt-get install -y --no-install-recommends openssl postgresql-client-16 &&     apt-get purge -y --auto-remove ca-certificates gnupg curl &&     rm -rf /var/lib/apt/lists/*
2026-06-16T15:22:58.456426696Z [inf]  [stage-1 3/5] WORKDIR /repo
2026-06-16T15:22:58.456427847Z [inf]  [stage-1 4/5] RUN corepack enable && corepack prepare pnpm@latest --activate
2026-06-16T15:22:58.456428819Z [inf]  [build  2/16] RUN apt-get update && apt-get install -y --no-install-recommends openssl && rm -rf /var/lib/apt/lists/*
2026-06-16T15:22:58.456429680Z [inf]  [build  3/16] WORKDIR /repo
2026-06-16T15:22:58.456430281Z [inf]  [build  4/16] RUN corepack enable && corepack prepare pnpm@latest --activate
2026-06-16T15:22:58.456430842Z [inf]  [build  5/16] COPY pnpm-workspace.yaml package.json ./
2026-06-16T15:22:58.456431363Z [inf]  [build  6/16] COPY packages/shared/package.json packages/shared/
2026-06-16T15:22:58.456431943Z [inf]  [build  7/16] COPY apps/api/package.json apps/api/
2026-06-16T15:22:58.456433856Z [inf]  [build  8/16] COPY apps/pos/package.json apps/pos/
2026-06-16T15:22:58.456434647Z [inf]  [build  9/16] COPY apps/backoffice/package.json apps/backoffice/
2026-06-16T15:22:58.456436681Z [inf]  [build 10/16] COPY apps/kds/package.json apps/kds/
2026-06-16T15:22:58.456437472Z [inf]  [build 11/16] COPY apps/print-service/package.json apps/print-service/
2026-06-16T15:22:58.456438213Z [inf]  [build 12/16] RUN pnpm install --filter @goblins/api --filter @goblins/shared
2026-06-16T15:22:58.456438844Z [inf]  [build 13/16] COPY tsconfig.base.json ./
2026-06-16T15:22:58.456439405Z [inf]  [build 14/16] COPY packages/shared packages/shared
2026-06-16T15:22:58.456439975Z [inf]  [build 15/16] COPY apps/api apps/api
2026-06-16T15:22:58.456440536Z [inf]  [build 16/16] RUN pnpm --filter @goblins/shared build && pnpm --filter @goblins/api db:generate && pnpm --filter @goblins/api build
2026-06-16T15:22:58.456441147Z [inf]  [stage-1 5/5] COPY --from=build /repo ./
2026-06-16T15:22:58.650933623Z [inf]  [stage-1 5/5] COPY --from=build /repo ./
2026-06-16T15:22:58.653376087Z [inf]  exporting to docker image format
2026-06-16T15:23:01.018485923Z [inf]  exporting to docker image format
2026-06-16T15:23:18.664796541Z [inf]  containerimage.descriptor: eyJtZWRpYVR5cGUiOiJhcHBsaWNhdGlvbi92bmQub2NpLmltYWdlLm1hbmlmZXN0LnYxK2pzb24iLCJkaWdlc3QiOiJzaGEyNTY6NzRhYjU2NjVkYWNhMWRjYmQyZWE1MWQxMGY1ZDc2MTFiYzRhNWM4MWViMWQwMjYyYTJhYjMyNGFlODk0MzA0MiIsInNpemUiOjIwMDksImFubm90YXRpb25zIjp7Im9yZy5vcGVuY29udGFpbmVycy5pbWFnZS5jcmVhdGVkIjoiMjAyNi0wNi0xNlQxNToyMzowMFoifSwicGxhdGZvcm0iOnsiYXJjaGl0ZWN0dXJlIjoiYW1kNjQiLCJvcyI6ImxpbnV4In19
2026-06-16T15:23:18.664800046Z [inf]  containerimage.config.digest: sha256:79e04a8bf770912579a10b7faf7026e432cdb4a145991c8989cb295ac2da767e
2026-06-16T15:23:18.664801839Z [inf]  containerimage.digest: sha256:74ab5665daca1dcbd2ea51d10f5d7611bc4a5c81eb1d0262a2ab324ae8943042
2026-06-16T15:23:21.492240459Z [inf]  image push
2026-06-16T15:23:24.971202541Z [inf]  
2026-06-16T15:23:24.971206291Z [inf]  [35m====================
Starting Healthcheck
====================
[0m
2026-06-16T15:23:24.971206774Z [inf]  [37mPath: /health[0m
2026-06-16T15:23:24.971207461Z [inf]  [37mRetry window: 1m0s[0m
2026-06-16T15:23:24.971207909Z [inf]  
2026-06-16T15:23:27.142596698Z [inf]  [93mAttempt #1 failed with service unavailable. Continuing to retry for 57s[0m
2026-06-16T15:23:28.186287057Z [inf]  [93mAttempt #2 failed with service unavailable. Continuing to retry for 56s[0m
2026-06-16T15:23:30.227022462Z [inf]  [93mAttempt #3 failed with service unavailable. Continuing to retry for 54s[0m
2026-06-16T15:23:34.267637974Z [inf]  [93mAttempt #4 failed with service unavailable. Continuing to retry for 50s[0m
2026-06-16T15:23:42.308225631Z [inf]  [93mAttempt #5 failed with service unavailable. Continuing to retry for 42s[0m
2026-06-16T15:23:58.368985335Z [inf]  [93mAttempt #6 failed with service unavailable. Continuing to retry for 26s[0m
2026-06-16T15:23:58.459662031Z [inf]  
2026-06-16T15:23:58.459665159Z [inf]  [91m1/1 replicas never became healthy![0m
2026-06-16T15:23:58.459666207Z [inf]  [91mHealthcheck failed![0m