2026-06-16T15:14:09.915991959Z [inf]  scheduling build on Metal builder "production-builderv3-us-west1-3t13"
2026-06-16T15:14:12.388979080Z [inf]  unpacking archive
2026-06-16T15:14:13.041173270Z [inf]  uploading snapshot
2026-06-16T15:14:13.173701967Z [inf]  [internal] load build definition from Dockerfile
2026-06-16T15:14:13.250198444Z [inf]  [internal] load build definition from Dockerfile
2026-06-16T15:14:13.254230173Z [inf]  [internal] load build definition from Dockerfile
2026-06-16T15:14:13.431686041Z [inf]  [internal] load build definition from Dockerfile
2026-06-16T15:14:13.445230919Z [inf]  [internal] load metadata for docker.io/library/node:22-slim
2026-06-16T15:14:13.719881457Z [inf]  [internal] load metadata for docker.io/library/node:22-slim
2026-06-16T15:14:13.720307881Z [inf]  [internal] load .dockerignore
2026-06-16T15:14:13.780970788Z [inf]  [internal] load .dockerignore
2026-06-16T15:14:13.782455589Z [inf]  [internal] load .dockerignore
2026-06-16T15:14:14.279879717Z [inf]  [internal] load .dockerignore
2026-06-16T15:14:14.295212047Z [inf]  [build  8/16] COPY apps/pos/package.json apps/pos/
2026-06-16T15:14:14.295213091Z [inf]  [build  7/16] COPY apps/api/package.json apps/api/
2026-06-16T15:14:14.295213505Z [inf]  [build  6/16] COPY packages/shared/package.json packages/shared/
2026-06-16T15:14:14.295214358Z [inf]  [build  5/16] COPY pnpm-workspace.yaml package.json pnpm-lock.yaml ./
2026-06-16T15:14:14.295214904Z [inf]  [internal] load build context
2026-06-16T15:14:14.295215428Z [inf]  [build  4/16] RUN corepack enable
2026-06-16T15:14:14.295215902Z [inf]  [build  3/16] WORKDIR /repo
2026-06-16T15:14:14.295216330Z [inf]  [build  2/16] RUN apt-get update && apt-get install -y --no-install-recommends openssl && rm -rf /var/lib/apt/lists/*
2026-06-16T15:14:14.295216744Z [inf]  [stage-1 4/5] RUN corepack enable
2026-06-16T15:14:14.295217144Z [inf]  [stage-1 3/5] WORKDIR /repo
2026-06-16T15:14:14.295217411Z [inf]  [stage-1 2/5] RUN apt-get update && apt-get install -y --no-install-recommends ca-certificates gnupg curl &&     curl -fsSL https://www.postgresql.org/media/keys/ACCC4CF8.asc | gpg --dearmor -o /usr/share/keyrings/postgresql-keyring.gpg &&     echo "deb [signed-by=/usr/share/keyrings/postgresql-keyring.gpg] http://apt.postgresql.org/pub/repos/apt/ bookworm-pgdg main" > /etc/apt/sources.list.d/pgdg.list &&     apt-get update &&     apt-get install -y --no-install-recommends openssl postgresql-client-16 &&     apt-get purge -y --auto-remove ca-certificates gnupg curl &&     rm -rf /var/lib/apt/lists/*
2026-06-16T15:14:14.295217691Z [inf]  [build  1/16] FROM docker.io/library/node:22-slim@sha256:e21fc383b50d5347dc7a9f1cae45b8f4e2f0d39f7ade28e4eef7d2934522b752
2026-06-16T15:14:14.295237641Z [inf]  [stage-1 5/5] COPY --from=build /repo ./
2026-06-16T15:14:14.295238220Z [inf]  [build 16/16] RUN pnpm --filter @goblins/shared build && pnpm --filter @goblins/api db:generate && pnpm --filter @goblins/api build
2026-06-16T15:14:14.295238520Z [inf]  [build 15/16] COPY apps/api apps/api
2026-06-16T15:14:14.295239252Z [inf]  [build 14/16] COPY packages/shared packages/shared
2026-06-16T15:14:14.295239559Z [inf]  [build 13/16] COPY tsconfig.base.json ./
2026-06-16T15:14:14.295239845Z [inf]  [build 12/16] RUN pnpm install --frozen-lockfile --filter @goblins/api --filter @goblins/shared
2026-06-16T15:14:14.295240124Z [inf]  [build 11/16] COPY apps/print-service/package.json apps/print-service/
2026-06-16T15:14:14.295240403Z [inf]  [build 10/16] COPY apps/kds/package.json apps/kds/
2026-06-16T15:14:14.295240680Z [inf]  [build  9/16] COPY apps/backoffice/package.json apps/backoffice/
2026-06-16T15:14:14.295604518Z [inf]  [build  1/16] FROM docker.io/library/node:22-slim@sha256:e21fc383b50d5347dc7a9f1cae45b8f4e2f0d39f7ade28e4eef7d2934522b752
2026-06-16T15:14:14.295604977Z [inf]  [internal] load build context
2026-06-16T15:14:14.295607738Z [inf]  [internal] load build context
2026-06-16T15:14:14.319844706Z [inf]  [build  1/16] FROM docker.io/library/node:22-slim@sha256:e21fc383b50d5347dc7a9f1cae45b8f4e2f0d39f7ade28e4eef7d2934522b752
2026-06-16T15:14:14.376138114Z [inf]  [build  1/16] FROM docker.io/library/node:22-slim@sha256:e21fc383b50d5347dc7a9f1cae45b8f4e2f0d39f7ade28e4eef7d2934522b752
2026-06-16T15:14:14.376249427Z [inf]  [internal] load build context
2026-06-16T15:14:14.451095589Z [inf]  [build  1/16] FROM docker.io/library/node:22-slim@sha256:e21fc383b50d5347dc7a9f1cae45b8f4e2f0d39f7ade28e4eef7d2934522b752
2026-06-16T15:14:14.451203824Z [inf]  [build  2/16] RUN apt-get update && apt-get install -y --no-install-recommends openssl && rm -rf /var/lib/apt/lists/*
2026-06-16T15:14:14.451326554Z [inf]  [stage-1 2/5] RUN apt-get update && apt-get install -y --no-install-recommends ca-certificates gnupg curl &&     curl -fsSL https://www.postgresql.org/media/keys/ACCC4CF8.asc | gpg --dearmor -o /usr/share/keyrings/postgresql-keyring.gpg &&     echo "deb [signed-by=/usr/share/keyrings/postgresql-keyring.gpg] http://apt.postgresql.org/pub/repos/apt/ bookworm-pgdg main" > /etc/apt/sources.list.d/pgdg.list &&     apt-get update &&     apt-get install -y --no-install-recommends openssl postgresql-client-16 &&     apt-get purge -y --auto-remove ca-certificates gnupg curl &&     rm -rf /var/lib/apt/lists/*
2026-06-16T15:14:14.663362837Z [inf]  Get:1 http://deb.debian.org/debian bookworm InRelease [151 kB]

2026-06-16T15:14:14.663374278Z [inf]  Get:1 http://deb.debian.org/debian bookworm InRelease [151 kB]

2026-06-16T15:14:14.680397093Z [inf]  Get:2 http://deb.debian.org/debian bookworm-updates InRelease [55.4 kB]

2026-06-16T15:14:14.68223052Z [inf]  Get:2 http://deb.debian.org/debian bookworm-updates InRelease [55.4 kB]

2026-06-16T15:14:14.689194308Z [inf]  Get:3 http://deb.debian.org/debian-security bookworm-security InRelease [48.0 kB]

2026-06-16T15:14:14.692012721Z [inf]  Get:3 http://deb.debian.org/debian-security bookworm-security InRelease [48.0 kB]

2026-06-16T15:14:14.755720953Z [inf]  Get:4 http://deb.debian.org/debian bookworm/main amd64 Packages [8790 kB]

2026-06-16T15:14:14.757389967Z [inf]  Get:4 http://deb.debian.org/debian bookworm/main amd64 Packages [8790 kB]

2026-06-16T15:14:14.819552759Z [inf]  Get:5 http://deb.debian.org/debian bookworm-updates/main amd64 Packages [6924 B]

2026-06-16T15:14:14.823468799Z [inf]  Get:5 http://deb.debian.org/debian bookworm-updates/main amd64 Packages [6924 B]

2026-06-16T15:14:14.836094582Z [inf]  Get:6 http://deb.debian.org/debian-security bookworm-security/main amd64 Packages [311 kB]

2026-06-16T15:14:14.839831522Z [inf]  Get:6 http://deb.debian.org/debian-security bookworm-security/main amd64 Packages [311 kB]

2026-06-16T15:14:14.924602262Z [inf]  [internal] load build context
2026-06-16T15:14:14.958235030Z [inf]  [build  2/16] RUN apt-get update && apt-get install -y --no-install-recommends openssl && rm -rf /var/lib/apt/lists/*
2026-06-16T15:14:14.958236085Z [inf]  [build  3/16] WORKDIR /repo
2026-06-16T15:14:14.958236989Z [inf]  [build  4/16] RUN corepack enable
2026-06-16T15:14:14.958237906Z [err]  [build  5/16] COPY pnpm-workspace.yaml package.json pnpm-lock.yaml ./
2026-06-16T15:14:15.166170575Z [err]  [build  2/16] RUN apt-get update && apt-get install -y --no-install-recommends openssl && rm -rf /var/lib/apt/lists/*
2026-06-16T15:14:15.423634375Z [err]  [stage-1 2/5] RUN apt-get update && apt-get install -y --no-install-recommends ca-certificates gnupg curl &&     curl -fsSL https://www.postgresql.org/media/keys/ACCC4CF8.asc | gpg --dearmor -o /usr/share/keyrings/postgresql-keyring.gpg &&     echo "deb [signed-by=/usr/share/keyrings/postgresql-keyring.gpg] http://apt.postgresql.org/pub/repos/apt/ bookworm-pgdg main" > /etc/apt/sources.list.d/pgdg.list &&     apt-get update &&     apt-get install -y --no-install-recommends openssl postgresql-client-16 &&     apt-get purge -y --auto-remove ca-certificates gnupg curl &&     rm -rf /var/lib/apt/lists/*
2026-06-16T15:14:15.576891334Z [err]  Build Failed: build daemon returned an error < failed to solve: failed to compute cache key: failed to calculate checksum of ref tpyufuig6hmjs9hiar06sfr1j::o0tw5i6nlwiu9kz8kax9uzwsn: "/pnpm-lock.yaml": not found >